// Vitest Snapshot v1

exports[`aliasesToBookName 1`] = `
{
  "1 ch": "1 Chronicles",
  "1 chr": "1 Chronicles",
  "1 chron": "1 Chronicles",
  "1 chronicles": "1 Chronicles",
  "1 co": "1 Corinthians",
  "1 cor": "1 Corinthians",
  "1 corinthians": "1 Corinthians",
  "1 j": "1 John",
  "1 jhn": "1 John",
  "1 jn": "1 John",
  "1 john": "1 John",
  "1 kgs": "1 Kings",
  "1 ki": "1 Kings",
  "1 kings": "1 Kings",
  "1 p": "1 Peter",
  "1 pe": "1 Peter",
  "1 pet": "1 Peter",
  "1 peter": "1 Peter",
  "1 pt": "1 Peter",
  "1 sa": "1 Samuel",
  "1 sam": "1 Samuel",
  "1 samuel": "1 Samuel",
  "1 sm": "1 Samuel",
  "1 th": "1 Thessalonians",
  "1 thes": "1 Thessalonians",
  "1 thess": "1 Thessalonians",
  "1 thessalonians": "1 Thessalonians",
  "1 ti": "1 Timothy",
  "1 tim": "1 Timothy",
  "1 timothy": "1 Timothy",
  "1ch": "1 Chronicles",
  "1chr": "1 Chronicles",
  "1chron": "1 Chronicles",
  "1co": "1 Corinthians",
  "1cor": "1 Corinthians",
  "1corinthians": "1 Corinthians",
  "1j": "1 John",
  "1jhn": "1 John",
  "1jn": "1 John",
  "1jo": "1 John",
  "1joh": "1 John",
  "1john": "1 John",
  "1k": "1 Kings",
  "1kgs": "1 Kings",
  "1ki": "1 Kings",
  "1kin": "1 Kings",
  "1p": "1 Peter",
  "1pe": "1 Peter",
  "1pet": "1 Peter",
  "1peter": "1 Peter",
  "1pt": "1 Peter",
  "1s": "1 Samuel",
  "1sa": "1 Samuel",
  "1sam": "1 Samuel",
  "1st chron": "1 Chronicles",
  "1st chronicles": "1 Chronicles",
  "1st cor": "1 Corinthians",
  "1st corinthians": "1 Corinthians",
  "1st john": "1 John",
  "1st kgs": "1 Kings",
  "1st kings": "1 Kings",
  "1st peter": "1 Peter",
  "1st sam": "1 Samuel",
  "1st samuel": "1 Samuel",
  "1st thess": "1 Thessalonians",
  "1st thessalonians": "1 Thessalonians",
  "1st tim": "1 Timothy",
  "1st timothy": "1 Timothy",
  "1th": "1 Thessalonians",
  "1thes": "1 Thessalonians",
  "1thess": "1 Thessalonians",
  "1thessalonians": "1 Thessalonians",
  "1ti": "1 Timothy",
  "1tim": "1 Timothy",
  "1timothy": "1 Timothy",
  "2 ch": "2 Chronicles",
  "2 chr": "2 Chronicles",
  "2 chron": "2 Chronicles",
  "2 chronicles": "2 Chronicles",
  "2 co": "2 Corinthians",
  "2 cor": "2 Corinthians",
  "2 corinthians": "2 Corinthians",
  "2 j": "2 John",
  "2 jhn": "2 John",
  "2 jn": "2 John",
  "2 john": "2 John",
  "2 kgs": "2 Kings",
  "2 ki": "2 Kings",
  "2 kings": "2 Kings",
  "2 p": "2 Peter",
  "2 pe": "2 Peter",
  "2 pet": "2 Peter",
  "2 peter": "2 Peter",
  "2 pt": "2 Peter",
  "2 s": "2 Samuel",
  "2 sa": "2 Samuel",
  "2 sam": "2 Samuel",
  "2 samuel": "2 Samuel",
  "2 sm": "2 Samuel",
  "2 th": "2 Thessalonians",
  "2 thes": "2 Thessalonians",
  "2 thess": "2 Thessalonians",
  "2 thessalonians": "2 Thessalonians",
  "2 ti": "2 Timothy",
  "2 tim": "2 Timothy",
  "2 timothy": "2 Timothy",
  "2ch": "2 Chronicles",
  "2chr": "2 Chronicles",
  "2chron": "2 Chronicles",
  "2co": "2 Corinthians",
  "2cor": "2 Corinthians",
  "2corinthians": "2 Corinthians",
  "2j": "2 John",
  "2jhn": "2 John",
  "2jn": "2 John",
  "2jo": "2 John",
  "2joh": "2 John",
  "2john": "2 John",
  "2k": "2 Kings",
  "2kgs": "2 Kings",
  "2ki": "2 Kings",
  "2kin": "2 Kings",
  "2nd chron": "2 Chronicles",
  "2nd chronicles": "2 Chronicles",
  "2nd corinthians": "2 Corinthians",
  "2nd john": "2 John",
  "2nd kgs": "2 Kings",
  "2nd kings": "2 Kings",
  "2nd peter": "2 Peter",
  "2nd sam": "2 Samuel",
  "2nd samuel": "2 Samuel",
  "2nd thess": "2 Thessalonians",
  "2nd thessalonians": "2 Thessalonians",
  "2nd tim": "2 Timothy",
  "2nd timothy": "2 Timothy",
  "2p": "2 Peter",
  "2pe": "2 Peter",
  "2pet": "2 Peter",
  "2peter": "2 Peter",
  "2pt": "2 Peter",
  "2s": "2 Samuel",
  "2sa": "2 Samuel",
  "2sam": "2 Samuel",
  "2th": "2 Thessalonians",
  "2thes": "2 Thessalonians",
  "2thess": "2 Thessalonians",
  "2thessalonians": "2 Thessalonians",
  "2ti": "2 Timothy",
  "2tim": "2 Timothy",
  "2timothy": "2 Timothy",
  "3 j": "3 John",
  "3 jhn": "3 John",
  "3 jn": "3 John",
  "3 john": "3 John",
  "3j": "3 John",
  "3jhn": "3 John",
  "3jn": "3 John",
  "3jo": "3 John",
  "3joh": "3 John",
  "3john": "3 John",
  "3rd john": "3 John",
  "ac": "Acts",
  "act": "Acts",
  "acts": "Acts",
  "am": "Amos",
  "amos": "Amos",
  "cant": "Song of Solomon",
  "canticle of canticles": "Song of Solomon",
  "canticles": "Song of Solomon",
  "co": "Colossians",
  "col": "Colossians",
  "colossians": "Colossians",
  "da": "Daniel",
  "dan": "Daniel",
  "daniel": "Daniel",
  "de": "Deuteronomy",
  "deut": "Deuteronomy",
  "deuteronomy": "Deuteronomy",
  "dn": "Daniel",
  "dt": "Deuteronomy",
  "ec": "Ecclsiastes",
  "ecc": "Ecclsiastes",
  "eccle": "Ecclsiastes",
  "eccles": "Ecclsiastes",
  "ecclsiastes": "Ecclsiastes",
  "eph": "Ephesians",
  "ephes": "Ephesians",
  "ephesians": "Ephesians",
  "es": "Esther",
  "esth": "Esther",
  "esther": "Esther",
  "ex": "Exodus",
  "exo": "Exodus",
  "exod": "Exodus",
  "exodus": "Exodus",
  "ez": "Ezra",
  "eze": "Ezekiel",
  "ezek": "Ezekiel",
  "ezekiel": "Ezekiel",
  "ezk": "Ezekiel",
  "ezr": "Ezra",
  "ezra": "Ezra",
  "first chron": "1 Chronicles",
  "first chronicles": "1 Chronicles",
  "first cor": "1 Corinthians",
  "first corinthians": "1 Corinthians",
  "first john": "1 John",
  "first kgs": "1 Kings",
  "first kings": "1 Kings",
  "first peter": "1 Peter",
  "first sam": "1 Samuel",
  "first samuel": "1 Samuel",
  "first thess": "1 Thessalonians",
  "first thessalonians": "1 Thessalonians",
  "first tim": "1 Timothy",
  "first timothy": "1 Timothy",
  "ga": "Galatians",
  "gal": "Galatians",
  "galatians": "Galatians",
  "ge": "Genesis",
  "gen": "Genesis",
  "genesis": "Genesis",
  "gn": "Genesis",
  "hab": "Habakkuk",
  "habakkuk": "Habakkuk",
  "hag": "Haggai",
  "haggai": "Haggai",
  "hb": "Habakkuk",
  "heb": "Hebrews",
  "hebrews": "Hebrews",
  "hg": "Haggai",
  "ho": "Hosea",
  "hos": "Hosea",
  "hosea": "Hosea",
  "i ch": "1 Chronicles",
  "i chr": "1 Chronicles",
  "i chron": "1 Chronicles",
  "i co": "1 Corinthians",
  "i cor": "1 Corinthians",
  "i corinthians": "1 Corinthians",
  "i jhn": "1 John",
  "i jn": "1 John",
  "i jo": "1 John",
  "i joh": "1 John",
  "i john": "1 John",
  "i kgs": "1 Kings",
  "i ki": "1 Kings",
  "i pe": "1 Peter",
  "i pet": "1 Peter",
  "i peter": "1 Peter",
  "i pt": "1 Peter",
  "i sa": "1 Samuel",
  "i th": "1 Thessalonians",
  "i thes": "1 Thessalonians",
  "i thess": "1 Thessalonians",
  "i thessalonians": "1 Thessalonians",
  "i ti": "1 Timothy",
  "i tim": "1 Timothy",
  "i timothy": "1 Timothy",
  "ii ch": "2 Chronicles",
  "ii chr": "2 Chronicles",
  "ii chron": "2 Chronicles",
  "ii co": "2 Corinthians",
  "ii cor": "2 Corinthians",
  "ii corinthians": "2 Corinthians",
  "ii jhn": "2 John",
  "ii jn": "2 John",
  "ii jo": "2 John",
  "ii joh": "2 John",
  "ii john": "2 John",
  "ii kgs": "2 Kings",
  "ii ki": "2 Kings",
  "ii pe": "2 Peter",
  "ii pet": "2 Peter",
  "ii peter": "2 Peter",
  "ii pt": "2 Peter",
  "ii sa": "2 Samuel",
  "ii sam": "2 Samuel",
  "ii th": "2 Thessalonians",
  "ii thes": "2 Thessalonians",
  "ii thess": "2 Thessalonians",
  "ii thessalonians": "2 Thessalonians",
  "ii ti": "2 Timothy",
  "ii tim": "2 Timothy",
  "ii timothy": "2 Timothy",
  "iii jhn": "3 John",
  "iii jn": "3 John",
  "iii jo": "3 John",
  "iii joh": "3 John",
  "iii john": "3 John",
  "is": "Isaiah",
  "isa": "Isaiah",
  "isaiah": "Isaiah",
  "james": "James",
  "jas": "James",
  "jb": "Job",
  "jd": "Jude",
  "jdg": "Judges",
  "jdgs": "Judges",
  "je": "Jeremiah",
  "jer": "Jeremiah",
  "jeremiah": "Jeremiah",
  "jg": "Judges",
  "jhn": "John",
  "jl": "Joel",
  "jm": "James",
  "jn": "John",
  "jnh": "Jonah",
  "job": "Job",
  "joe": "Joel",
  "joel": "Joel",
  "john": "John",
  "jon": "John",
  "jonah": "Jonah",
  "jos": "Joshua",
  "josh": "Joshua",
  "joshua": "Joshua",
  "jr": "Jeremiah",
  "jsh": "Joshua",
  "jud": "Jude",
  "jude": "Jude",
  "judg": "Judges",
  "judges": "Judges",
  "la": "Lamentations",
  "lam": "Lamentations",
  "lamentations": "Lamentations",
  "le": "Leviticus",
  "lev": "Leviticus",
  "leviticus": "Leviticus",
  "lk": "Luke",
  "luk": "Luke",
  "luke": "Luke",
  "lv": "Leviticus",
  "mal": "Malachi",
  "malachi": "Malachi",
  "mar": "Mark",
  "mark": "Mark",
  "matt": "Matthew",
  "matthew": "Matthew",
  "mc": "Michah",
  "mic": "Michah",
  "michah": "Michah",
  "mk": "Mark",
  "ml": "Malachi",
  "mr": "Mark",
  "mrk": "Mark",
  "mt": "Matthew",
  "na": "Nahum",
  "nah": "Nahum",
  "nahum": "Nahum",
  "nb": "Numbers",
  "ne": "Nehemiah",
  "neh": "Nehemiah",
  "nehemiah": "Nehemiah",
  "nm": "Numbers",
  "nu": "Numbers",
  "num": "Numbers",
  "numbers": "Numbers",
  "ob": "Obadiah",
  "obad": "Obadiah",
  "obadiah": "Obadiah",
  "phil": "Philippians",
  "philem": "Philemon",
  "philemon": "Philemon",
  "philippians": "Philippians",
  "phm": "Philemon",
  "php": "Philippians",
  "pm": "Philemon",
  "pp": "Philippians",
  "pr": "Proverbs",
  "pro": "Proverbs",
  "prov": "Proverbs",
  "proverbs": "Proverbs",
  "prv": "Proverbs",
  "ps": "Psalms",
  "psa": "Psalms",
  "psalm": "Psalms",
  "psalms": "Psalms",
  "pslm": "Psalms",
  "psm": "Psalms",
  "pss": "Psalms",
  "qoh": "Ecclsiastes",
  "re": "Revelation",
  "rev": "Revelation",
  "revelation": "Revelation",
  "rm": "Romans",
  "ro": "Romans",
  "rom": "Romans",
  "romans": "Romans",
  "rth": "Ruth",
  "ru": "Ruth",
  "ruth": "Ruth",
  "second chron": "2 Chronicles",
  "second chronicles": "2 Chronicles",
  "second corinthians": "2 Corinthians",
  "second john": "2 John",
  "second kgs": "2 Kings",
  "second kings": "2 Kings",
  "second peter": "2 Peter",
  "second sam": "2 Samuel",
  "second samuel": "2 Samuel",
  "second thess": "2 Thessalonians",
  "second thessalonians": "2 Thessalonians",
  "second tim": "2 Timothy",
  "second timothy": "2 Timothy",
  "so": "Song of Solomon",
  "song": "Song of Solomon",
  "song of solomon": "Song of Solomon",
  "song of songs": "Song of Solomon",
  "sos": "Song of Solomon",
  "the revelation": "Revelation",
  "third john": "3 John",
  "ti": "Titus",
  "tit": "Titus",
  "titus": "Titus",
  "zc": "Zechariah",
  "zec": "Zechariah",
  "zech": "Zechariah",
  "zechariah": "Zechariah",
  "zep": "Zephaniah",
  "zeph": "Zephaniah",
  "zephaniah": "Zephaniah",
  "zp": "Zephaniah",
}
`;

exports[`books 1`] = `
[
  {
    "aliases": [
      "Gen",
      "Ge",
      "Gn",
    ],
    "name": "Genesis",
  },
  {
    "aliases": [
      "Exod",
      "Exo",
      "Ex",
    ],
    "name": "Exodus",
  },
  {
    "aliases": [
      "Lev",
      "Le",
      "Lv",
    ],
    "name": "Leviticus",
  },
  {
    "aliases": [
      "Num",
      "Nu",
      "Nm",
      "Nb",
    ],
    "name": "Numbers",
  },
  {
    "aliases": [
      "Deut",
      "De",
      "Dt",
    ],
    "name": "Deuteronomy",
  },
  {
    "aliases": [
      "Josh",
      "Jos",
      "Jsh",
    ],
    "name": "Joshua",
  },
  {
    "aliases": [
      "Judg",
      "Jdg",
      "Jg",
      "Jdgs",
    ],
    "name": "Judges",
  },
  {
    "aliases": [
      "Rth",
      "Ru",
    ],
    "name": "Ruth",
  },
  {
    "aliases": [
      "1 Sam",
      "1 Sa",
      "1S",
      "I Sa",
      "1 Sm",
      "1Sa",
      "1Sam",
      "1st Sam",
      "1st Samuel",
      "First Sam",
      "First Samuel",
    ],
    "name": "1 Samuel",
  },
  {
    "aliases": [
      "2 Sam",
      "2 Sm",
      "2 Sa",
      "2 S",
      "II Sam",
      "II Sa",
      "2Sam",
      "2Sa",
      "2S",
      "2nd Samuel",
      "2nd Sam",
      "Second Samuel",
      "Second Sam",
    ],
    "name": "2 Samuel",
  },
  {
    "aliases": [
      "1 Kgs",
      "1 Ki",
      "1K",
      "I Kgs",
      "1Kgs",
      "I Ki",
      "1Ki",
      "1Kin",
      "1st Kgs",
      "1st Kings",
      "First Kgs",
      "First Kings",
    ],
    "name": "1 Kings",
  },
  {
    "aliases": [
      "2 Kings",
      "2 Kgs",
      "2 Ki",
      "2Kgs",
      "2Kin",
      "2Ki",
      "2K",
      "II Kgs",
      "II Ki",
      "2nd Kings",
      "2nd Kgs",
      "Second Kings",
      "Second Kgs",
    ],
    "name": "2 Kings",
  },
  {
    "aliases": [
      "1 Chron",
      "1 Ch",
      "I Ch",
      "1Ch",
      "1 Chr",
      "I Chr",
      "1Chr",
      "I Chron",
      "1Chron",
      "1st Chron",
      "1st Chronicles",
      "First Chron",
      "First Chronicles",
    ],
    "name": "1 Chronicles",
  },
  {
    "aliases": [
      "2 Chron",
      "2 Chr",
      "2 Ch",
      "2Chron",
      "2Chr",
      "2Ch",
      "II Chron",
      "II Chr",
      "II Ch",
      "2nd Chronicles",
      "2nd Chron",
      "Second Chronicles",
      "Second Chron",
    ],
    "name": "2 Chronicles",
  },
  {
    "aliases": [
      "Ezr",
      "Ez",
    ],
    "name": "Ezra",
  },
  {
    "aliases": [
      "Neh",
      "Ne",
    ],
    "name": "Nehemiah",
  },
  {
    "aliases": [
      "Esth",
      "Es",
    ],
    "name": "Esther",
  },
  {
    "aliases": [
      "Jb",
    ],
    "name": "Job",
  },
  {
    "aliases": [
      "Psalm",
      "Pslm",
      "Ps",
      "Psa",
      "Psm",
      "Pss",
    ],
    "name": "Psalms",
  },
  {
    "aliases": [
      "Prov",
      "Pro",
      "Pr",
      "Prv",
    ],
    "name": "Proverbs",
  },
  {
    "aliases": [
      "Eccles",
      "Eccle",
      "Ecc",
      "Ec",
      "Qoh",
    ],
    "name": "Ecclsiastes",
  },
  {
    "aliases": [
      "Song of Songs",
      "Song",
      "So",
      "SOS",
      "Canticle of Canticles",
      "Canticles",
      "Cant",
    ],
    "name": "Song of Solomon",
  },
  {
    "aliases": [
      "Isa",
      "Is",
    ],
    "name": "Isaiah",
  },
  {
    "aliases": [
      "Jer",
      "Je",
      "Jr",
    ],
    "name": "Jeremiah",
  },
  {
    "aliases": [
      "Lam",
      "La",
    ],
    "name": "Lamentations",
  },
  {
    "aliases": [
      "Ezek",
      "Eze",
      "Ezk",
    ],
    "name": "Ezekiel",
  },
  {
    "aliases": [
      "Dan",
      "Da",
      "Dn",
    ],
    "name": "Daniel",
  },
  {
    "aliases": [
      "Hos",
      "Ho",
    ],
    "name": "Hosea",
  },
  {
    "aliases": [
      "Joe",
      "Jl",
    ],
    "name": "Joel",
  },
  {
    "aliases": [
      "Am",
    ],
    "name": "Amos",
  },
  {
    "aliases": [
      "Obad",
      "Ob",
    ],
    "name": "Obadiah",
    "singleChapter": true,
  },
  {
    "aliases": [
      "Jnh",
      "Jon",
    ],
    "name": "Jonah",
  },
  {
    "aliases": [
      "Mic",
      "Mc",
    ],
    "name": "Michah",
  },
  {
    "aliases": [
      "Nah",
      "Na",
    ],
    "name": "Nahum",
  },
  {
    "aliases": [
      "Hab",
      "Hb",
    ],
    "name": "Habakkuk",
  },
  {
    "aliases": [
      "Zeph",
      "Zep",
      "Zp",
    ],
    "name": "Zephaniah",
  },
  {
    "aliases": [
      "Hag",
      "Hg",
    ],
    "name": "Haggai",
  },
  {
    "aliases": [
      "Zech",
      "Zec",
      "Zc",
    ],
    "name": "Zechariah",
  },
  {
    "aliases": [
      "Mal",
      "Ml",
    ],
    "name": "Malachi",
  },
  {
    "aliases": [
      "Matt",
      "Mt",
    ],
    "name": "Matthew",
  },
  {
    "aliases": [
      "Mrk",
      "Mar",
      "Mk",
      "Mr",
    ],
    "name": "Mark",
  },
  {
    "aliases": [
      "Luk",
      "Lk",
    ],
    "name": "Luke",
  },
  {
    "aliases": [
      "Jon",
      "Jhn",
      "Jn",
    ],
    "name": "John",
  },
  {
    "aliases": [
      "Act",
      "Ac",
    ],
    "name": "Acts",
  },
  {
    "aliases": [
      "Rom",
      "Ro",
      "Rm",
    ],
    "name": "Romans",
  },
  {
    "aliases": [
      "1 Cor",
      "1 Co",
      "I Co",
      "1Co",
      "I Cor",
      "1Cor",
      "I Corinthians",
      "1Corinthians",
      "1st Cor",
      "1st Corinthians",
      "First Cor",
      "First Corinthians",
    ],
    "name": "1 Corinthians",
  },
  {
    "aliases": [
      "2 Cor",
      "2 Co",
      "II Cor",
      "II Co",
      "2Cor",
      "2Co",
      "II Corinthians",
      "2Corinthians",
      "2nd Corinthians",
      "Second Corinthians",
    ],
    "name": "2 Corinthians",
  },
  {
    "aliases": [
      "Gal",
      "Ga",
    ],
    "name": "Galatians",
  },
  {
    "aliases": [
      "Ephes",
      "Eph",
    ],
    "name": "Ephesians",
  },
  {
    "aliases": [
      "Phil",
      "Php",
      "Pp",
    ],
    "name": "Philippians",
  },
  {
    "aliases": [
      "Col",
      "Co",
    ],
    "name": "Colossians",
  },
  {
    "aliases": [
      "1 Thess",
      "1 Thes",
      "1 Th",
      "I Thessalonians",
      "I Thess",
      "I Thes",
      "I Th",
      "1Thessalonians",
      "1Thess",
      "1Thes",
      "1Th",
      "1st Thessalonians",
      "1st Thess",
      "First Thessalonians",
      "First Thess",
    ],
    "name": "1 Thessalonians",
  },
  {
    "aliases": [
      "2 Thess",
      "2 Thes",
      "2 Th",
      "II Thessalonians",
      "II Thess",
      "II Thes",
      "II Th",
      "2Thessalonians",
      "2Thess",
      "2Thes",
      "2Th",
      "2nd Thessalonians",
      "2nd Thess",
      "Second Thessalonians",
      "Second Thess",
    ],
    "name": "2 Thessalonians",
  },
  {
    "aliases": [
      "1 Tim",
      "1 Ti",
      "I Timothy",
      "I Tim",
      "I Ti",
      "1Timothy",
      "1Tim",
      "1Ti",
      "1st Timothy",
      "1st Tim",
      "First Timothy",
      "First Tim",
    ],
    "name": "1 Timothy",
  },
  {
    "aliases": [
      "2 Tim",
      "2 Ti",
      "II Timothy",
      "II Tim",
      "II Ti",
      "2Timothy",
      "2Tim",
      "2Ti",
      "2nd Timothy",
      "2nd Tim",
      "Second Timothy",
      "Second Tim",
    ],
    "name": "2 Timothy",
  },
  {
    "aliases": [
      "Tit",
      "Ti",
    ],
    "name": "Titus",
  },
  {
    "aliases": [
      "Philem",
      "Phm",
      "Pm",
    ],
    "name": "Philemon",
    "singleChapter": true,
  },
  {
    "aliases": [
      "Heb",
    ],
    "name": "Hebrews",
  },
  {
    "aliases": [
      "Jas",
      "Jm",
    ],
    "name": "James",
  },
  {
    "aliases": [
      "1 Pet",
      "1 Pe",
      "1 Pt",
      "1 P",
      "I Pet",
      "I Pt",
      "I Pe",
      "1Peter",
      "1Pet",
      "1Pe",
      "1Pt",
      "1P",
      "I Peter",
      "1st Peter",
      "First Peter",
    ],
    "name": "1 Peter",
  },
  {
    "aliases": [
      "2 Pet",
      "2 Pe",
      "2 Pt",
      "2 P",
      "II Peter",
      "II Pet",
      "II Pt",
      "II Pe",
      "2Peter",
      "2Pet",
      "2Pe",
      "2Pt",
      "2P",
      "2nd Peter",
      "Second Peter",
    ],
    "name": "2 Peter",
  },
  {
    "aliases": [
      "1 Jhn",
      "1 Jn",
      "1 J",
      "1John",
      "1Jhn",
      "1Joh",
      "1Jn",
      "1Jo",
      "1J",
      "I John",
      "I Jhn",
      "I Joh",
      "I Jn",
      "I Jo",
      "1st John",
      "First John",
    ],
    "name": "1 John",
  },
  {
    "aliases": [
      "2 Jhn",
      "2 Jn",
      "2 J",
      "2John",
      "2Jhn",
      "2Joh",
      "2Jn",
      "2Jo",
      "2J",
      "II John",
      "II Jhn",
      "II Joh",
      "II Jn",
      "II Jo",
      "2nd John",
      "Second John",
    ],
    "name": "2 John",
    "singleChapter": true,
  },
  {
    "aliases": [
      "3 Jhn",
      "3 Jn",
      "3 J",
      "3John",
      "3Jhn",
      "3Joh",
      "3Jn",
      "3Jo",
      "3J",
      "III John",
      "III Jhn",
      "III Joh",
      "III Jn",
      "III Jo",
      "3rd John",
      "Third John",
    ],
    "name": "3 John",
    "singleChapter": true,
  },
  {
    "aliases": [
      "Jude",
      "Jud",
      "Jd",
    ],
    "name": "Jude",
    "singleChapter": true,
  },
  {
    "aliases": [
      "Rev",
      "Re",
      "The Revelation",
    ],
    "name": "Revelation",
  },
]
`;

exports[`getBibleRegex > regex 1`] = `/\\(\\?:\\\\b\\)\\(\\?<book>Genesis\\|Gen\\|Ge\\|Gn\\|Exodus\\|Exod\\|Exo\\|Ex\\|Leviticus\\|Lev\\|Le\\|Lv\\|Numbers\\|Num\\|Nu\\|Nm\\|Nb\\|Deuteronomy\\|Deut\\|De\\|Dt\\|Joshua\\|Josh\\|Jos\\|Jsh\\|Judges\\|Judg\\|Jdg\\|Jg\\|Jdgs\\|Ruth\\|Rth\\|Ru\\|1 Samuel\\|1 Sam\\|1 Sa\\|1S\\|I Sa\\|1 Sm\\|1Sa\\|1Sam\\|1st Sam\\|1st Samuel\\|First Sam\\|First Samuel\\|2 Samuel\\|2 Sam\\|2 Sm\\|2 Sa\\|2 S\\|II Sam\\|II Sa\\|2Sam\\|2Sa\\|2S\\|2nd Samuel\\|2nd Sam\\|Second Samuel\\|Second Sam\\|1 Kings\\|1 Kgs\\|1 Ki\\|1K\\|I Kgs\\|1Kgs\\|I Ki\\|1Ki\\|1Kin\\|1st Kgs\\|1st Kings\\|First Kgs\\|First Kings\\|2 Kings\\|2 Kings\\|2 Kgs\\|2 Ki\\|2Kgs\\|2Kin\\|2Ki\\|2K\\|II Kgs\\|II Ki\\|2nd Kings\\|2nd Kgs\\|Second Kings\\|Second Kgs\\|1 Chronicles\\|1 Chron\\|1 Ch\\|I Ch\\|1Ch\\|1 Chr\\|I Chr\\|1Chr\\|I Chron\\|1Chron\\|1st Chron\\|1st Chronicles\\|First Chron\\|First Chronicles\\|2 Chronicles\\|2 Chron\\|2 Chr\\|2 Ch\\|2Chron\\|2Chr\\|2Ch\\|II Chron\\|II Chr\\|II Ch\\|2nd Chronicles\\|2nd Chron\\|Second Chronicles\\|Second Chron\\|Ezra\\|Ezr\\|Ez\\|Nehemiah\\|Neh\\|Ne\\|Esther\\|Esth\\|Es\\|Job\\|Jb\\|Psalms\\|Psalm\\|Pslm\\|Ps\\|Psa\\|Psm\\|Pss\\|Proverbs\\|Prov\\|Pro\\|Pr\\|Prv\\|Ecclsiastes\\|Eccles\\|Eccle\\|Ecc\\|Ec\\|Qoh\\|Song of Solomon\\|Song of Songs\\|Song\\|So\\|SOS\\|Canticle of Canticles\\|Canticles\\|Cant\\|Isaiah\\|Isa\\|Is\\|Jeremiah\\|Jer\\|Je\\|Jr\\|Lamentations\\|Lam\\|La\\|Ezekiel\\|Ezek\\|Eze\\|Ezk\\|Daniel\\|Dan\\|Da\\|Dn\\|Hosea\\|Hos\\|Ho\\|Joel\\|Joe\\|Jl\\|Amos\\|Am\\|Obadiah\\|Obad\\|Ob\\|Jonah\\|Jnh\\|Jon\\|Michah\\|Mic\\|Mc\\|Nahum\\|Nah\\|Na\\|Habakkuk\\|Hab\\|Hb\\|Zephaniah\\|Zeph\\|Zep\\|Zp\\|Haggai\\|Hag\\|Hg\\|Zechariah\\|Zech\\|Zec\\|Zc\\|Malachi\\|Mal\\|Ml\\|Matthew\\|Matt\\|Mt\\|Mark\\|Mrk\\|Mar\\|Mk\\|Mr\\|Luke\\|Luk\\|Lk\\|John\\|Jon\\|Jhn\\|Jn\\|Acts\\|Act\\|Ac\\|Romans\\|Rom\\|Ro\\|Rm\\|1 Corinthians\\|1 Cor\\|1 Co\\|I Co\\|1Co\\|I Cor\\|1Cor\\|I Corinthians\\|1Corinthians\\|1st Cor\\|1st Corinthians\\|First Cor\\|First Corinthians\\|2 Corinthians\\|2 Cor\\|2 Co\\|II Cor\\|II Co\\|2Cor\\|2Co\\|II Corinthians\\|2Corinthians\\|2nd Corinthians\\|Second Corinthians\\|Galatians\\|Gal\\|Ga\\|Ephesians\\|Ephes\\|Eph\\|Philippians\\|Phil\\|Php\\|Pp\\|Colossians\\|Col\\|Co\\|1 Thessalonians\\|1 Thess\\|1 Thes\\|1 Th\\|I Thessalonians\\|I Thess\\|I Thes\\|I Th\\|1Thessalonians\\|1Thess\\|1Thes\\|1Th\\|1st Thessalonians\\|1st Thess\\|First Thessalonians\\|First Thess\\|2 Thessalonians\\|2 Thess\\|2 Thes\\|2 Th\\|II Thessalonians\\|II Thess\\|II Thes\\|II Th\\|2Thessalonians\\|2Thess\\|2Thes\\|2Th\\|2nd Thessalonians\\|2nd Thess\\|Second Thessalonians\\|Second Thess\\|1 Timothy\\|1 Tim\\|1 Ti\\|I Timothy\\|I Tim\\|I Ti\\|1Timothy\\|1Tim\\|1Ti\\|1st Timothy\\|1st Tim\\|First Timothy\\|First Tim\\|2 Timothy\\|2 Tim\\|2 Ti\\|II Timothy\\|II Tim\\|II Ti\\|2Timothy\\|2Tim\\|2Ti\\|2nd Timothy\\|2nd Tim\\|Second Timothy\\|Second Tim\\|Titus\\|Tit\\|Ti\\|Philemon\\|Philem\\|Phm\\|Pm\\|Hebrews\\|Heb\\|James\\|Jas\\|Jm\\|1 Peter\\|1 Pet\\|1 Pe\\|1 Pt\\|1 P\\|I Pet\\|I Pt\\|I Pe\\|1Peter\\|1Pet\\|1Pe\\|1Pt\\|1P\\|I Peter\\|1st Peter\\|First Peter\\|2 Peter\\|2 Pet\\|2 Pe\\|2 Pt\\|2 P\\|II Peter\\|II Pet\\|II Pt\\|II Pe\\|2Peter\\|2Pet\\|2Pe\\|2Pt\\|2P\\|2nd Peter\\|Second Peter\\|1 John\\|1 Jhn\\|1 Jn\\|1 J\\|1John\\|1Jhn\\|1Joh\\|1Jn\\|1Jo\\|1J\\|I John\\|I Jhn\\|I Joh\\|I Jn\\|I Jo\\|1st John\\|First John\\|2 John\\|2 Jhn\\|2 Jn\\|2 J\\|2John\\|2Jhn\\|2Joh\\|2Jn\\|2Jo\\|2J\\|II John\\|II Jhn\\|II Joh\\|II Jn\\|II Jo\\|2nd John\\|Second John\\|3 John\\|3 Jhn\\|3 Jn\\|3 J\\|3John\\|3Jhn\\|3Joh\\|3Jn\\|3Jo\\|3J\\|III John\\|III Jhn\\|III Joh\\|III Jn\\|III Jo\\|3rd John\\|Third John\\|Jude\\|Jude\\|Jud\\|Jd\\|Revelation\\|Rev\\|Re\\|The Revelation\\)\\\\s\\*\\(\\?:chapter\\)\\?\\\\s\\*\\(\\?:\\(\\?<chapter>\\\\d\\+\\)\\(\\?:\\\\s\\*:\\?\\(\\?:verse\\)\\?\\\\s\\*\\(\\?<verse>\\\\d\\+\\)\\)\\?\\)\\?\\(\\?:\\\\b\\)/gi`;
